// Jest Snapshot v1, https://goo.gl/fbAQLP

exports[`Test 1 1`] = `
<div
  className="resultContainer"
  role="container"
>
  <div
    className="resultCard"
    id="1"
  >
    <h2>
      The letter "
      a
      " occured 
      <p
        id="resultCounter"
      >
        1
      </p>
      time 
      (
      case sensitive
      )
    </h2>
    <div
      className="recap"
    >
      <div
        className="searchedText"
      >
        <p>
          Searched text:
        </p>
        <div
          className="textParagraph"
          id="p1"
          role="searchedText"
        >
          This is a test text
        </div>
      </div>
    </div>
    <div
      className="buttons"
    >
      <button
        id="delete"
        onClick={[Function]}
        title="highlightButton"
      >
        Delete
      </button>
      <button
        id="highlightButton"
        onClick={[Function]}
        title="deleteButton"
      >
        Hightlight Letter
      </button>
    </div>
  </div>
</div>
`;
